<?xml version="1.0" encoding="ISO-8859-1" ?>
<link_info>
   <banner>TMS320C2000 Linker PC v21.6.0.LTS</banner>
   <copyright>Copyright (c) 1996-2018 Texas Instruments Incorporated</copyright>
   <link_time>0x62a236cc</link_time>
   <link_errors>0x0</link_errors>
   <output_file>Template_Projeto.out</output_file>
   <entry_point>
      <name>_c_int00</name>
      <address>0x980a</address>
   </entry_point>
   <input_file_list>
      <input_file id="fl-2">
         <path>.\</path>
         <kind>object</kind>
         <file>DSP2833x_ADC_cal.obj</file>
         <name>DSP2833x_ADC_cal.obj</name>
      </input_file>
      <input_file id="fl-3">
         <path>.\</path>
         <kind>object</kind>
         <file>DSP2833x_Adc.obj</file>
         <name>DSP2833x_Adc.obj</name>
      </input_file>
      <input_file id="fl-4">
         <path>.\</path>
         <kind>object</kind>
         <file>DSP2833x_CodeStartBranch.obj</file>
         <name>DSP2833x_CodeStartBranch.obj</name>
      </input_file>
      <input_file id="fl-5">
         <path>.\</path>
         <kind>object</kind>
         <file>DSP2833x_CpuTimers.obj</file>
         <name>DSP2833x_CpuTimers.obj</name>
      </input_file>
      <input_file id="fl-6">
         <path>.\</path>
         <kind>object</kind>
         <file>DSP2833x_DefaultIsr.obj</file>
         <name>DSP2833x_DefaultIsr.obj</name>
      </input_file>
      <input_file id="fl-7">
         <path>.\</path>
         <kind>object</kind>
         <file>DSP2833x_EPwm.obj</file>
         <name>DSP2833x_EPwm.obj</name>
      </input_file>
      <input_file id="fl-8">
         <path>.\</path>
         <kind>object</kind>
         <file>DSP2833x_GlobalVariableDefs.obj</file>
         <name>DSP2833x_GlobalVariableDefs.obj</name>
      </input_file>
      <input_file id="fl-9">
         <path>.\</path>
         <kind>object</kind>
         <file>DSP2833x_Gpio.obj</file>
         <name>DSP2833x_Gpio.obj</name>
      </input_file>
      <input_file id="fl-a">
         <path>.\</path>
         <kind>object</kind>
         <file>DSP2833x_PieCtrl.obj</file>
         <name>DSP2833x_PieCtrl.obj</name>
      </input_file>
      <input_file id="fl-b">
         <path>.\</path>
         <kind>object</kind>
         <file>DSP2833x_PieVect.obj</file>
         <name>DSP2833x_PieVect.obj</name>
      </input_file>
      <input_file id="fl-c">
         <path>.\</path>
         <kind>object</kind>
         <file>DSP2833x_Sci.obj</file>
         <name>DSP2833x_Sci.obj</name>
      </input_file>
      <input_file id="fl-d">
         <path>.\</path>
         <kind>object</kind>
         <file>DSP2833x_SysCtrl.obj</file>
         <name>DSP2833x_SysCtrl.obj</name>
      </input_file>
      <input_file id="fl-e">
         <path>.\</path>
         <kind>object</kind>
         <file>DSP2833x_usDelay.obj</file>
         <name>DSP2833x_usDelay.obj</name>
      </input_file>
      <input_file id="fl-f">
         <path>.\</path>
         <kind>object</kind>
         <file>adc.obj</file>
         <name>adc.obj</name>
      </input_file>
      <input_file id="fl-10">
         <path>.\</path>
         <kind>object</kind>
         <file>auxiliaries.obj</file>
         <name>auxiliaries.obj</name>
      </input_file>
      <input_file id="fl-11">
         <path>.\</path>
         <kind>object</kind>
         <file>converter.obj</file>
         <name>converter.obj</name>
      </input_file>
      <input_file id="fl-12">
         <path>.\</path>
         <kind>object</kind>
         <file>fsm.obj</file>
         <name>fsm.obj</name>
      </input_file>
      <input_file id="fl-13">
         <path>.\</path>
         <kind>object</kind>
         <file>gpio.obj</file>
         <name>gpio.obj</name>
      </input_file>
      <input_file id="fl-14">
         <path>.\</path>
         <kind>object</kind>
         <file>main.obj</file>
         <name>main.obj</name>
      </input_file>
      <input_file id="fl-15">
         <path>.\</path>
         <kind>object</kind>
         <file>pwm.obj</file>
         <name>pwm.obj</name>
      </input_file>
      <input_file id="fl-16">
         <path>.\</path>
         <kind>object</kind>
         <file>timer.obj</file>
         <name>timer.obj</name>
      </input_file>
      <input_file id="fl-1b">
         <kind>object</kind>
         <file>&lt;internal&gt;</file>
         <name>&lt;internal&gt;</name>
      </input_file>
      <input_file id="fl-27">
         <path>C:\ti\ccs1110\ccs\tools\compiler\ti-cgt-c2000_21.6.0.LTS\lib\</path>
         <kind>archive</kind>
         <file>rts2800_fpu32.lib</file>
         <name>boot28.asm.obj</name>
      </input_file>
      <input_file id="fl-28">
         <path>C:\ti\ccs1110\ccs\tools\compiler\ti-cgt-c2000_21.6.0.LTS\lib\</path>
         <kind>archive</kind>
         <file>rts2800_fpu32.lib</file>
         <name>fs_div28.asm.obj</name>
      </input_file>
      <input_file id="fl-29">
         <path>C:\ti\ccs1110\ccs\tools\compiler\ti-cgt-c2000_21.6.0.LTS\lib\</path>
         <kind>archive</kind>
         <file>rts2800_fpu32.lib</file>
         <name>l_div28.asm.obj</name>
      </input_file>
      <input_file id="fl-2a">
         <path>C:\ti\ccs1110\ccs\tools\compiler\ti-cgt-c2000_21.6.0.LTS\lib\</path>
         <kind>archive</kind>
         <file>rts2800_fpu32.lib</file>
         <name>cpy_tbl.c.obj</name>
      </input_file>
      <input_file id="fl-2b">
         <path>C:\ti\ccs1110\ccs\tools\compiler\ti-cgt-c2000_21.6.0.LTS\lib\</path>
         <kind>archive</kind>
         <file>rts2800_fpu32.lib</file>
         <name>memcpy.c.obj</name>
      </input_file>
      <input_file id="fl-2c">
         <path>C:\ti\ccs1110\ccs\tools\compiler\ti-cgt-c2000_21.6.0.LTS\lib\</path>
         <kind>archive</kind>
         <file>rts2800_fpu32.lib</file>
         <name>pre_init.c.obj</name>
      </input_file>
      <input_file id="fl-2d">
         <path>C:\ti\ccs1110\ccs\tools\compiler\ti-cgt-c2000_21.6.0.LTS\lib\</path>
         <kind>archive</kind>
         <file>rts2800_fpu32.lib</file>
         <name>startup.c.obj</name>
      </input_file>
      <input_file id="fl-2e">
         <path>C:\ti\ccs1110\ccs\tools\compiler\ti-cgt-c2000_21.6.0.LTS\lib\</path>
         <kind>archive</kind>
         <file>rts2800_fpu32.lib</file>
         <name>exit.c.obj</name>
      </input_file>
      <input_file id="fl-2f">
         <path>C:\ti\ccs1110\ccs\tools\compiler\ti-cgt-c2000_21.6.0.LTS\lib\</path>
         <kind>archive</kind>
         <file>rts2800_fpu32.lib</file>
         <name>_lock.c.obj</name>
      </input_file>
      <input_file id="fl-30">
         <path>C:\ti\ccs1110\ccs\tools\compiler\ti-cgt-c2000_21.6.0.LTS\lib\</path>
         <kind>archive</kind>
         <file>rts2800_fpu32.lib</file>
         <name>args_main.c.obj</name>
      </input_file>
   </input_file_list>
   <object_component_list>
      <object_component id="oc-58">
         <name>codestart</name>
         <load_address>0x0</load_address>
         <run_address>0x0</run_address>
         <size>0x2</size>
         <input_file_ref idref="fl-4"/>
      </object_component>
      <object_component id="oc-bb">
         <name>ramfuncs</name>
         <load_address>0x8093</load_address>
         <run_address>0x8093</run_address>
         <size>0x4</size>
         <input_file_ref idref="fl-e"/>
      </object_component>
      <object_component id="oc-64">
         <name>.text:retain</name>
         <load_address>0x9000</load_address>
         <run_address>0x9000</run_address>
         <size>0x316</size>
         <input_file_ref idref="fl-6"/>
      </object_component>
      <object_component id="oc-12c">
         <name>.text</name>
         <load_address>0x9316</load_address>
         <run_address>0x9316</run_address>
         <size>0xf8</size>
         <input_file_ref idref="fl-d"/>
      </object_component>
      <object_component id="oc-129">
         <name>.text</name>
         <load_address>0x940e</load_address>
         <run_address>0x940e</run_address>
         <size>0xe1</size>
         <input_file_ref idref="fl-14"/>
      </object_component>
      <object_component id="oc-134">
         <name>.text</name>
         <load_address>0x94ef</load_address>
         <run_address>0x94ef</run_address>
         <size>0xd9</size>
         <input_file_ref idref="fl-11"/>
      </object_component>
      <object_component id="oc-138">
         <name>.text</name>
         <load_address>0x95c8</load_address>
         <run_address>0x95c8</run_address>
         <size>0xc8</size>
         <input_file_ref idref="fl-7"/>
      </object_component>
      <object_component id="oc-f4">
         <name>.text</name>
         <load_address>0x9690</load_address>
         <run_address>0x9690</run_address>
         <size>0x88</size>
         <input_file_ref idref="fl-28"/>
      </object_component>
      <object_component id="oc-133">
         <name>.text</name>
         <load_address>0x9718</load_address>
         <run_address>0x9718</run_address>
         <size>0x7f</size>
         <input_file_ref idref="fl-15"/>
      </object_component>
      <object_component id="oc-12f">
         <name>.text</name>
         <load_address>0x9797</load_address>
         <run_address>0x9797</run_address>
         <size>0x73</size>
         <input_file_ref idref="fl-5"/>
      </object_component>
      <object_component id="oc-4c">
         <name>.text</name>
         <load_address>0x980a</load_address>
         <run_address>0x980a</run_address>
         <size>0x56</size>
         <input_file_ref idref="fl-27"/>
      </object_component>
      <object_component id="oc-df">
         <name>.text:retain</name>
         <load_address>0x9860</load_address>
         <run_address>0x9860</run_address>
         <size>0x44</size>
         <input_file_ref idref="fl-14"/>
      </object_component>
      <object_component id="oc-132">
         <name>.text</name>
         <load_address>0x98a4</load_address>
         <run_address>0x98a4</run_address>
         <size>0x2c</size>
         <input_file_ref idref="fl-f"/>
      </object_component>
      <object_component id="oc-f9">
         <name>.text</name>
         <load_address>0x98d0</load_address>
         <run_address>0x98d0</run_address>
         <size>0x2a</size>
         <input_file_ref idref="fl-29"/>
      </object_component>
      <object_component id="oc-127">
         <name>.text</name>
         <load_address>0x98fa</load_address>
         <run_address>0x98fa</run_address>
         <size>0x29</size>
         <input_file_ref idref="fl-2e"/>
      </object_component>
      <object_component id="oc-12d">
         <name>.text</name>
         <load_address>0x9923</load_address>
         <run_address>0x9923</run_address>
         <size>0x28</size>
         <input_file_ref idref="fl-a"/>
      </object_component>
      <object_component id="oc-124">
         <name>.text</name>
         <load_address>0x994b</load_address>
         <run_address>0x994b</run_address>
         <size>0x24</size>
         <input_file_ref idref="fl-2a"/>
      </object_component>
      <object_component id="oc-12e">
         <name>.text</name>
         <load_address>0x996f</load_address>
         <run_address>0x996f</run_address>
         <size>0x20</size>
         <input_file_ref idref="fl-b"/>
      </object_component>
      <object_component id="oc-128">
         <name>.text</name>
         <load_address>0x998f</load_address>
         <run_address>0x998f</run_address>
         <size>0x1d</size>
         <input_file_ref idref="fl-2b"/>
      </object_component>
      <object_component id="oc-130">
         <name>.text</name>
         <load_address>0x99ac</load_address>
         <run_address>0x99ac</run_address>
         <size>0x14</size>
         <input_file_ref idref="fl-3"/>
      </object_component>
      <object_component id="oc-126">
         <name>.text</name>
         <load_address>0x99c0</load_address>
         <run_address>0x99c0</run_address>
         <size>0x12</size>
         <input_file_ref idref="fl-30"/>
      </object_component>
      <object_component id="oc-131">
         <name>.text</name>
         <load_address>0x99d2</load_address>
         <run_address>0x99d2</run_address>
         <size>0xc</size>
         <input_file_ref idref="fl-13"/>
      </object_component>
      <object_component id="oc-135">
         <name>.text</name>
         <load_address>0x99de</load_address>
         <run_address>0x99de</run_address>
         <size>0x9</size>
         <input_file_ref idref="fl-2f"/>
      </object_component>
      <object_component id="oc-57">
         <name>.text</name>
         <load_address>0x99e7</load_address>
         <run_address>0x99e7</run_address>
         <size>0x8</size>
         <input_file_ref idref="fl-4"/>
      </object_component>
      <object_component id="oc-123">
         <name>.text</name>
         <load_address>0x99ef</load_address>
         <run_address>0x99ef</run_address>
         <size>0x2</size>
         <input_file_ref idref="fl-2c"/>
      </object_component>
      <object_component id="oc-125">
         <name>.text</name>
         <load_address>0x99f1</load_address>
         <run_address>0x99f1</run_address>
         <size>0x1</size>
         <input_file_ref idref="fl-2d"/>
      </object_component>
      <object_component id="oc-dd">
         <name>.cinit</name>
         <load_address>0x8000</load_address>
         <run_address>0x8000</run_address>
         <size>0x40</size>
         <input_file_ref idref="fl-14"/>
      </object_component>
      <object_component id="oc-cb">
         <name>.cinit</name>
         <load_address>0x8040</load_address>
         <run_address>0x8040</run_address>
         <size>0x39</size>
         <input_file_ref idref="fl-11"/>
      </object_component>
      <object_component id="oc-113">
         <name>.cinit</name>
         <load_address>0x8079</load_address>
         <run_address>0x8079</run_address>
         <size>0xe</size>
         <input_file_ref idref="fl-2e"/>
      </object_component>
      <object_component id="oc-12b">
         <name>.cinit:__lock</name>
         <load_address>0x8087</load_address>
         <run_address>0x8087</run_address>
         <size>0x5</size>
         <input_file_ref idref="fl-2f"/>
      </object_component>
      <object_component id="oc-136">
         <name>.cinit:__unlock</name>
         <load_address>0x808c</load_address>
         <run_address>0x808c</run_address>
         <size>0x5</size>
         <input_file_ref idref="fl-2f"/>
      </object_component>
      <object_component id="oc-ee">
         <name>.stack</name>
         <uninitialized>true</uninitialized>
         <run_address>0x400</run_address>
         <size>0x0</size>
         <input_file_ref idref="fl-27"/>
      </object_component>
      <object_component id="oc-18f">
         <name>.stack</name>
         <uninitialized>true</uninitialized>
         <run_address>0x400</run_address>
         <size>0x0</size>
      </object_component>
      <object_component id="oc-5e">
         <name>.ebss</name>
         <uninitialized>true</uninitialized>
         <run_address>0xc028</run_address>
         <size>0x18</size>
         <input_file_ref idref="fl-5"/>
      </object_component>
      <object_component id="oc-cc">
         <name>.ebss</name>
         <uninitialized>true</uninitialized>
         <run_address>0xc040</run_address>
         <size>0x12</size>
         <input_file_ref idref="fl-11"/>
      </object_component>
      <object_component id="oc-d2">
         <name>.ebss</name>
         <uninitialized>true</uninitialized>
         <run_address>0xc05c</run_address>
         <size>0x2</size>
         <input_file_ref idref="fl-12"/>
      </object_component>
      <object_component id="oc-de">
         <name>.ebss</name>
         <uninitialized>true</uninitialized>
         <run_address>0xc000</run_address>
         <size>0x28</size>
         <input_file_ref idref="fl-14"/>
      </object_component>
      <object_component id="oc-114">
         <name>.ebss</name>
         <uninitialized>true</uninitialized>
         <run_address>0xc052</run_address>
         <size>0x6</size>
         <input_file_ref idref="fl-2e"/>
      </object_component>
      <object_component id="oc-12a">
         <name>.ebss:__lock</name>
         <uninitialized>true</uninitialized>
         <run_address>0xc058</run_address>
         <size>0x2</size>
         <input_file_ref idref="fl-2f"/>
      </object_component>
      <object_component id="oc-139">
         <name>.ebss:__unlock</name>
         <uninitialized>true</uninitialized>
         <run_address>0xc05a</run_address>
         <size>0x2</size>
         <input_file_ref idref="fl-2f"/>
      </object_component>
      <object_component id="oc-137">
         <name>.econst:_PieVectTableInit</name>
         <load_address>0xd000</load_address>
         <run_address>0xd000</run_address>
         <size>0x100</size>
         <input_file_ref idref="fl-b"/>
      </object_component>
      <object_component id="oc-ef">
         <name>.reset</name>
         <load_address>0x3fffc0</load_address>
         <run_address>0x3fffc0</run_address>
         <size>0x2</size>
         <input_file_ref idref="fl-27"/>
      </object_component>
      <object_component id="oc-4d">
         <name>.adc_cal</name>
         <load_address>0x380080</load_address>
         <run_address>0x380080</run_address>
         <size>0x7</size>
         <input_file_ref idref="fl-2"/>
      </object_component>
      <object_component id="oc-a0">
         <name>PieVectTableFile</name>
         <uninitialized>true</uninitialized>
         <run_address>0xd00</run_address>
         <size>0x100</size>
         <input_file_ref idref="fl-8"/>
      </object_component>
      <object_component id="oc-9c">
         <name>DevEmuRegsFile</name>
         <uninitialized>true</uninitialized>
         <run_address>0x880</run_address>
         <size>0xd0</size>
         <input_file_ref idref="fl-8"/>
      </object_component>
      <object_component id="oc-74">
         <name>FlashRegsFile</name>
         <uninitialized>true</uninitialized>
         <run_address>0xa80</run_address>
         <size>0x8</size>
         <input_file_ref idref="fl-8"/>
      </object_component>
      <object_component id="oc-77">
         <name>CsmRegsFile</name>
         <uninitialized>true</uninitialized>
         <run_address>0xae0</run_address>
         <size>0x10</size>
         <input_file_ref idref="fl-8"/>
      </object_component>
      <object_component id="oc-76">
         <name>AdcMirrorFile</name>
         <uninitialized>true</uninitialized>
         <run_address>0xb00</run_address>
         <size>0x10</size>
         <input_file_ref idref="fl-8"/>
      </object_component>
      <object_component id="oc-7f">
         <name>XintfRegsFile</name>
         <uninitialized>true</uninitialized>
         <run_address>0xb20</run_address>
         <size>0x1e</size>
         <input_file_ref idref="fl-8"/>
      </object_component>
      <object_component id="oc-70">
         <name>CpuTimer0RegsFile</name>
         <uninitialized>true</uninitialized>
         <run_address>0xc00</run_address>
         <size>0x8</size>
         <input_file_ref idref="fl-8"/>
      </object_component>
      <object_component id="oc-71">
         <name>CpuTimer1RegsFile</name>
         <uninitialized>true</uninitialized>
         <run_address>0xc08</run_address>
         <size>0x8</size>
         <input_file_ref idref="fl-8"/>
      </object_component>
      <object_component id="oc-72">
         <name>CpuTimer2RegsFile</name>
         <uninitialized>true</uninitialized>
         <run_address>0xc10</run_address>
         <size>0x8</size>
         <input_file_ref idref="fl-8"/>
      </object_component>
      <object_component id="oc-7d">
         <name>PieCtrlRegsFile</name>
         <uninitialized>true</uninitialized>
         <run_address>0xce0</run_address>
         <size>0x1a</size>
         <input_file_ref idref="fl-8"/>
      </object_component>
      <object_component id="oc-9d">
         <name>DmaRegsFile</name>
         <uninitialized>true</uninitialized>
         <run_address>0x1000</run_address>
         <size>0xe0</size>
         <input_file_ref idref="fl-8"/>
      </object_component>
      <object_component id="oc-8f">
         <name>McbspaRegsFile</name>
         <uninitialized>true</uninitialized>
         <run_address>0x5000</run_address>
         <size>0x25</size>
         <input_file_ref idref="fl-8"/>
      </object_component>
      <object_component id="oc-90">
         <name>McbspbRegsFile</name>
         <uninitialized>true</uninitialized>
         <run_address>0x5040</run_address>
         <size>0x25</size>
         <input_file_ref idref="fl-8"/>
      </object_component>
      <object_component id="oc-92">
         <name>ECanaRegsFile</name>
         <uninitialized>true</uninitialized>
         <run_address>0x6000</run_address>
         <size>0x34</size>
         <input_file_ref idref="fl-8"/>
      </object_component>
      <object_component id="oc-94">
         <name>ECanaLAMRegsFile</name>
         <uninitialized>true</uninitialized>
         <run_address>0x6040</run_address>
         <size>0x40</size>
         <input_file_ref idref="fl-8"/>
      </object_component>
      <object_component id="oc-9e">
         <name>ECanaMboxesFile</name>
         <uninitialized>true</uninitialized>
         <run_address>0x6100</run_address>
         <size>0x100</size>
         <input_file_ref idref="fl-8"/>
      </object_component>
      <object_component id="oc-95">
         <name>ECanaMOTSRegsFile</name>
         <uninitialized>true</uninitialized>
         <run_address>0x6080</run_address>
         <size>0x40</size>
         <input_file_ref idref="fl-8"/>
      </object_component>
      <object_component id="oc-96">
         <name>ECanaMOTORegsFile</name>
         <uninitialized>true</uninitialized>
         <run_address>0x60c0</run_address>
         <size>0x40</size>
         <input_file_ref idref="fl-8"/>
      </object_component>
      <object_component id="oc-93">
         <name>ECanbRegsFile</name>
         <uninitialized>true</uninitialized>
         <run_address>0x6200</run_address>
         <size>0x34</size>
         <input_file_ref idref="fl-8"/>
      </object_component>
      <object_component id="oc-97">
         <name>ECanbLAMRegsFile</name>
         <uninitialized>true</uninitialized>
         <run_address>0x6240</run_address>
         <size>0x40</size>
         <input_file_ref idref="fl-8"/>
      </object_component>
      <object_component id="oc-9f">
         <name>ECanbMboxesFile</name>
         <uninitialized>true</uninitialized>
         <run_address>0x6300</run_address>
         <size>0x100</size>
         <input_file_ref idref="fl-8"/>
      </object_component>
      <object_component id="oc-98">
         <name>ECanbMOTSRegsFile</name>
         <uninitialized>true</uninitialized>
         <run_address>0x6280</run_address>
         <size>0x40</size>
         <input_file_ref idref="fl-8"/>
      </object_component>
      <object_component id="oc-99">
         <name>ECanbMOTORegsFile</name>
         <uninitialized>true</uninitialized>
         <run_address>0x62c0</run_address>
         <size>0x40</size>
         <input_file_ref idref="fl-8"/>
      </object_component>
      <object_component id="oc-88">
         <name>EPwm1RegsFile</name>
         <uninitialized>true</uninitialized>
         <run_address>0x6800</run_address>
         <size>0x22</size>
         <input_file_ref idref="fl-8"/>
      </object_component>
      <object_component id="oc-89">
         <name>EPwm2RegsFile</name>
         <uninitialized>true</uninitialized>
         <run_address>0x6840</run_address>
         <size>0x22</size>
         <input_file_ref idref="fl-8"/>
      </object_component>
      <object_component id="oc-8a">
         <name>EPwm3RegsFile</name>
         <uninitialized>true</uninitialized>
         <run_address>0x6880</run_address>
         <size>0x22</size>
         <input_file_ref idref="fl-8"/>
      </object_component>
      <object_component id="oc-8b">
         <name>EPwm4RegsFile</name>
         <uninitialized>true</uninitialized>
         <run_address>0x68c0</run_address>
         <size>0x22</size>
         <input_file_ref idref="fl-8"/>
      </object_component>
      <object_component id="oc-8c">
         <name>EPwm5RegsFile</name>
         <uninitialized>true</uninitialized>
         <run_address>0x6900</run_address>
         <size>0x22</size>
         <input_file_ref idref="fl-8"/>
      </object_component>
      <object_component id="oc-8d">
         <name>EPwm6RegsFile</name>
         <uninitialized>true</uninitialized>
         <run_address>0x6940</run_address>
         <size>0x22</size>
         <input_file_ref idref="fl-8"/>
      </object_component>
      <object_component id="oc-80">
         <name>ECap1RegsFile</name>
         <uninitialized>true</uninitialized>
         <run_address>0x6a00</run_address>
         <size>0x20</size>
         <input_file_ref idref="fl-8"/>
      </object_component>
      <object_component id="oc-81">
         <name>ECap2RegsFile</name>
         <uninitialized>true</uninitialized>
         <run_address>0x6a20</run_address>
         <size>0x20</size>
         <input_file_ref idref="fl-8"/>
      </object_component>
      <object_component id="oc-82">
         <name>ECap3RegsFile</name>
         <uninitialized>true</uninitialized>
         <run_address>0x6a40</run_address>
         <size>0x20</size>
         <input_file_ref idref="fl-8"/>
      </object_component>
      <object_component id="oc-83">
         <name>ECap4RegsFile</name>
         <uninitialized>true</uninitialized>
         <run_address>0x6a60</run_address>
         <size>0x20</size>
         <input_file_ref idref="fl-8"/>
      </object_component>
      <object_component id="oc-84">
         <name>ECap5RegsFile</name>
         <uninitialized>true</uninitialized>
         <run_address>0x6a80</run_address>
         <size>0x20</size>
         <input_file_ref idref="fl-8"/>
      </object_component>
      <object_component id="oc-85">
         <name>ECap6RegsFile</name>
         <uninitialized>true</uninitialized>
         <run_address>0x6aa0</run_address>
         <size>0x20</size>
         <input_file_ref idref="fl-8"/>
      </object_component>
      <object_component id="oc-9a">
         <name>EQep1RegsFile</name>
         <uninitialized>true</uninitialized>
         <run_address>0x6b00</run_address>
         <size>0x40</size>
         <input_file_ref idref="fl-8"/>
      </object_component>
      <object_component id="oc-9b">
         <name>EQep2RegsFile</name>
         <uninitialized>true</uninitialized>
         <run_address>0x6b40</run_address>
         <size>0x40</size>
         <input_file_ref idref="fl-8"/>
      </object_component>
      <object_component id="oc-91">
         <name>GpioCtrlRegsFile</name>
         <uninitialized>true</uninitialized>
         <run_address>0x6f80</run_address>
         <size>0x2e</size>
         <input_file_ref idref="fl-8"/>
      </object_component>
      <object_component id="oc-86">
         <name>GpioDataRegsFile</name>
         <uninitialized>true</uninitialized>
         <run_address>0x6fc0</run_address>
         <size>0x20</size>
         <input_file_ref idref="fl-8"/>
      </object_component>
      <object_component id="oc-75">
         <name>GpioIntRegsFile</name>
         <uninitialized>true</uninitialized>
         <run_address>0x6fe0</run_address>
         <size>0xa</size>
         <input_file_ref idref="fl-8"/>
      </object_component>
      <object_component id="oc-87">
         <name>SysCtrlRegsFile</name>
         <uninitialized>true</uninitialized>
         <run_address>0x7010</run_address>
         <size>0x20</size>
         <input_file_ref idref="fl-8"/>
      </object_component>
      <object_component id="oc-7b">
         <name>SpiaRegsFile</name>
         <uninitialized>true</uninitialized>
         <run_address>0x7040</run_address>
         <size>0x10</size>
         <input_file_ref idref="fl-8"/>
      </object_component>
      <object_component id="oc-78">
         <name>SciaRegsFile</name>
         <uninitialized>true</uninitialized>
         <run_address>0x7050</run_address>
         <size>0x10</size>
         <input_file_ref idref="fl-8"/>
      </object_component>
      <object_component id="oc-7c">
         <name>XIntruptRegsFile</name>
         <uninitialized>true</uninitialized>
         <run_address>0x7070</run_address>
         <size>0x10</size>
         <input_file_ref idref="fl-8"/>
      </object_component>
      <object_component id="oc-7e">
         <name>AdcRegsFile</name>
         <uninitialized>true</uninitialized>
         <run_address>0x7100</run_address>
         <size>0x1e</size>
         <input_file_ref idref="fl-8"/>
      </object_component>
      <object_component id="oc-79">
         <name>ScibRegsFile</name>
         <uninitialized>true</uninitialized>
         <run_address>0x7750</run_address>
         <size>0x10</size>
         <input_file_ref idref="fl-8"/>
      </object_component>
      <object_component id="oc-7a">
         <name>ScicRegsFile</name>
         <uninitialized>true</uninitialized>
         <run_address>0x7770</run_address>
         <size>0x10</size>
         <input_file_ref idref="fl-8"/>
      </object_component>
      <object_component id="oc-8e">
         <name>I2caRegsFile</name>
         <uninitialized>true</uninitialized>
         <run_address>0x7900</run_address>
         <size>0x22</size>
         <input_file_ref idref="fl-8"/>
      </object_component>
      <object_component id="oc-73">
         <name>CsmPwlFile</name>
         <uninitialized>true</uninitialized>
         <run_address>0x33fff8</run_address>
         <size>0x8</size>
         <input_file_ref idref="fl-8"/>
      </object_component>
      <object_component id="oc-6f">
         <name>PartIdRegsFile</name>
         <uninitialized>true</uninitialized>
         <run_address>0x380090</run_address>
         <size>0x1</size>
         <input_file_ref idref="fl-8"/>
      </object_component>
      <object_component id="oc-4e">
         <name>.debug_line</name>
         <load_address>0x0</load_address>
         <run_address>0x0</run_address>
         <size>0x49</size>
         <input_file_ref idref="fl-2"/>
      </object_component>
      <object_component id="oc-54">
         <name>.debug_line</name>
         <load_address>0x49</load_address>
         <run_address>0x49</run_address>
         <size>0x4d</size>
         <input_file_ref idref="fl-3"/>
      </object_component>
      <object_component id="oc-59">
         <name>.debug_line</name>
         <load_address>0x96</load_address>
         <run_address>0x96</run_address>
         <size>0x61</size>
         <input_file_ref idref="fl-4"/>
      </object_component>
      <object_component id="oc-60">
         <name>.debug_line</name>
         <load_address>0xf7</load_address>
         <run_address>0xf7</run_address>
         <size>0x84</size>
         <input_file_ref idref="fl-5"/>
      </object_component>
      <object_component id="oc-66">
         <name>.debug_line</name>
         <load_address>0x17b</load_address>
         <run_address>0x17b</run_address>
         <size>0x750</size>
         <input_file_ref idref="fl-6"/>
      </object_component>
      <object_component id="oc-6b">
         <name>.debug_line</name>
         <load_address>0x8cb</load_address>
         <run_address>0x8cb</run_address>
         <size>0x15c</size>
         <input_file_ref idref="fl-7"/>
      </object_component>
      <object_component id="oc-a4">
         <name>.debug_line</name>
         <load_address>0xa27</load_address>
         <run_address>0xa27</run_address>
         <size>0x33</size>
         <input_file_ref idref="fl-9"/>
      </object_component>
      <object_component id="oc-a9">
         <name>.debug_line</name>
         <load_address>0xa5a</load_address>
         <run_address>0xa5a</run_address>
         <size>0x84</size>
         <input_file_ref idref="fl-a"/>
      </object_component>
      <object_component id="oc-ae">
         <name>.debug_line</name>
         <load_address>0xade</load_address>
         <run_address>0xade</run_address>
         <size>0x68</size>
         <input_file_ref idref="fl-b"/>
      </object_component>
      <object_component id="oc-b3">
         <name>.debug_line</name>
         <load_address>0xb46</load_address>
         <run_address>0xb46</run_address>
         <size>0x32</size>
         <input_file_ref idref="fl-c"/>
      </object_component>
      <object_component id="oc-b8">
         <name>.debug_line</name>
         <load_address>0xb78</load_address>
         <run_address>0xb78</run_address>
         <size>0x141</size>
         <input_file_ref idref="fl-d"/>
      </object_component>
      <object_component id="oc-bc">
         <name>.debug_line</name>
         <load_address>0xcb9</load_address>
         <run_address>0xcb9</run_address>
         <size>0x48</size>
         <input_file_ref idref="fl-e"/>
      </object_component>
      <object_component id="oc-c2">
         <name>.debug_line</name>
         <load_address>0xd01</load_address>
         <run_address>0xd01</run_address>
         <size>0x4b</size>
         <input_file_ref idref="fl-f"/>
      </object_component>
      <object_component id="oc-c7">
         <name>.debug_line</name>
         <load_address>0xd4c</load_address>
         <run_address>0xd4c</run_address>
         <size>0x31</size>
         <input_file_ref idref="fl-10"/>
      </object_component>
      <object_component id="oc-ce">
         <name>.debug_line</name>
         <load_address>0xd7d</load_address>
         <run_address>0xd7d</run_address>
         <size>0xb1</size>
         <input_file_ref idref="fl-11"/>
      </object_component>
      <object_component id="oc-d4">
         <name>.debug_line</name>
         <load_address>0xe2e</load_address>
         <run_address>0xe2e</run_address>
         <size>0x29</size>
         <input_file_ref idref="fl-12"/>
      </object_component>
      <object_component id="oc-d9">
         <name>.debug_line</name>
         <load_address>0xe57</load_address>
         <run_address>0xe57</run_address>
         <size>0x44</size>
         <input_file_ref idref="fl-13"/>
      </object_component>
      <object_component id="oc-e1">
         <name>.debug_line</name>
         <load_address>0xe9b</load_address>
         <run_address>0xe9b</run_address>
         <size>0xcd</size>
         <input_file_ref idref="fl-14"/>
      </object_component>
      <object_component id="oc-e6">
         <name>.debug_line</name>
         <load_address>0xf68</load_address>
         <run_address>0xf68</run_address>
         <size>0x84</size>
         <input_file_ref idref="fl-15"/>
      </object_component>
      <object_component id="oc-eb">
         <name>.debug_line</name>
         <load_address>0xfec</load_address>
         <run_address>0xfec</run_address>
         <size>0x2b</size>
         <input_file_ref idref="fl-16"/>
      </object_component>
      <object_component id="oc-f1">
         <name>.debug_line</name>
         <load_address>0x1017</load_address>
         <run_address>0x1017</run_address>
         <size>0x7e</size>
         <input_file_ref idref="fl-27"/>
      </object_component>
      <object_component id="oc-f6">
         <name>.debug_line</name>
         <load_address>0x1095</load_address>
         <run_address>0x1095</run_address>
         <size>0xad</size>
         <input_file_ref idref="fl-28"/>
      </object_component>
      <object_component id="oc-fb">
         <name>.debug_line</name>
         <load_address>0x1142</load_address>
         <run_address>0x1142</run_address>
         <size>0x8e</size>
         <input_file_ref idref="fl-29"/>
      </object_component>
      <object_component id="oc-100">
         <name>.debug_line</name>
         <load_address>0x11d0</load_address>
         <run_address>0x11d0</run_address>
         <size>0x50</size>
         <input_file_ref idref="fl-2a"/>
      </object_component>
      <object_component id="oc-105">
         <name>.debug_line</name>
         <load_address>0x1220</load_address>
         <run_address>0x1220</run_address>
         <size>0x62</size>
         <input_file_ref idref="fl-2b"/>
      </object_component>
      <object_component id="oc-10a">
         <name>.debug_line</name>
         <load_address>0x1282</load_address>
         <run_address>0x1282</run_address>
         <size>0x3e</size>
         <input_file_ref idref="fl-2c"/>
      </object_component>
      <object_component id="oc-10f">
         <name>.debug_line</name>
         <load_address>0x12c0</load_address>
         <run_address>0x12c0</run_address>
         <size>0x3a</size>
         <input_file_ref idref="fl-2d"/>
      </object_component>
      <object_component id="oc-116">
         <name>.debug_line</name>
         <load_address>0x12fa</load_address>
         <run_address>0x12fa</run_address>
         <size>0x65</size>
         <input_file_ref idref="fl-2e"/>
      </object_component>
      <object_component id="oc-11b">
         <name>.debug_line</name>
         <load_address>0x135f</load_address>
         <run_address>0x135f</run_address>
         <size>0x5e</size>
         <input_file_ref idref="fl-2f"/>
      </object_component>
      <object_component id="oc-120">
         <name>.debug_line</name>
         <load_address>0x13bd</load_address>
         <run_address>0x13bd</run_address>
         <size>0x4f</size>
         <input_file_ref idref="fl-30"/>
      </object_component>
      <object_component id="oc-4f">
         <name>.debug_info</name>
         <load_address>0x0</load_address>
         <run_address>0x0</run_address>
         <size>0xea</size>
         <input_file_ref idref="fl-2"/>
      </object_component>
      <object_component id="oc-52">
         <name>.debug_info</name>
         <load_address>0xea</load_address>
         <run_address>0xea</run_address>
         <size>0x1ed4</size>
         <input_file_ref idref="fl-3"/>
      </object_component>
      <object_component id="oc-5a">
         <name>.debug_info</name>
         <load_address>0x1fbe</load_address>
         <run_address>0x1fbe</run_address>
         <size>0x121</size>
         <input_file_ref idref="fl-4"/>
      </object_component>
      <object_component id="oc-5d">
         <name>.debug_info</name>
         <load_address>0x20df</load_address>
         <run_address>0x20df</run_address>
         <size>0x962</size>
         <input_file_ref idref="fl-5"/>
      </object_component>
      <object_component id="oc-63">
         <name>.debug_info</name>
         <load_address>0x2a41</load_address>
         <run_address>0x2a41</run_address>
         <size>0x1fdd</size>
         <input_file_ref idref="fl-6"/>
      </object_component>
      <object_component id="oc-69">
         <name>.debug_info</name>
         <load_address>0x4a1e</load_address>
         <run_address>0x4a1e</run_address>
         <size>0x1f7d</size>
         <input_file_ref idref="fl-7"/>
      </object_component>
      <object_component id="oc-6e">
         <name>.debug_info</name>
         <load_address>0x699b</load_address>
         <run_address>0x699b</run_address>
         <size>0x1341d</size>
         <input_file_ref idref="fl-8"/>
      </object_component>
      <object_component id="oc-a2">
         <name>.debug_info</name>
         <load_address>0x19db8</load_address>
         <run_address>0x19db8</run_address>
         <size>0x1b66</size>
         <input_file_ref idref="fl-9"/>
      </object_component>
      <object_component id="oc-a7">
         <name>.debug_info</name>
         <load_address>0x1b91e</load_address>
         <run_address>0x1b91e</run_address>
         <size>0xb0a</size>
         <input_file_ref idref="fl-a"/>
      </object_component>
      <object_component id="oc-ac">
         <name>.debug_info</name>
         <load_address>0x1c428</load_address>
         <run_address>0x1c428</run_address>
         <size>0x2296</size>
         <input_file_ref idref="fl-b"/>
      </object_component>
      <object_component id="oc-b1">
         <name>.debug_info</name>
         <load_address>0x1e6be</load_address>
         <run_address>0x1e6be</run_address>
         <size>0x1b65</size>
         <input_file_ref idref="fl-c"/>
      </object_component>
      <object_component id="oc-b6">
         <name>.debug_info</name>
         <load_address>0x20223</load_address>
         <run_address>0x20223</run_address>
         <size>0x2025</size>
         <input_file_ref idref="fl-d"/>
      </object_component>
      <object_component id="oc-bd">
         <name>.debug_info</name>
         <load_address>0x22248</load_address>
         <run_address>0x22248</run_address>
         <size>0xea</size>
         <input_file_ref idref="fl-e"/>
      </object_component>
      <object_component id="oc-c0">
         <name>.debug_info</name>
         <load_address>0x22332</load_address>
         <run_address>0x22332</run_address>
         <size>0x26f9</size>
         <input_file_ref idref="fl-f"/>
      </object_component>
      <object_component id="oc-c5">
         <name>.debug_info</name>
         <load_address>0x24a2b</load_address>
         <run_address>0x24a2b</run_address>
         <size>0x325</size>
         <input_file_ref idref="fl-10"/>
      </object_component>
      <object_component id="oc-ca">
         <name>.debug_info</name>
         <load_address>0x24d50</load_address>
         <run_address>0x24d50</run_address>
         <size>0x76a</size>
         <input_file_ref idref="fl-11"/>
      </object_component>
      <object_component id="oc-d1">
         <name>.debug_info</name>
         <load_address>0x254ba</load_address>
         <run_address>0x254ba</run_address>
         <size>0x39a</size>
         <input_file_ref idref="fl-12"/>
      </object_component>
      <object_component id="oc-d7">
         <name>.debug_info</name>
         <load_address>0x25854</load_address>
         <run_address>0x25854</run_address>
         <size>0x1ba2</size>
         <input_file_ref idref="fl-13"/>
      </object_component>
      <object_component id="oc-dc">
         <name>.debug_info</name>
         <load_address>0x273f6</load_address>
         <run_address>0x273f6</run_address>
         <size>0x5948</size>
         <input_file_ref idref="fl-14"/>
      </object_component>
      <object_component id="oc-e4">
         <name>.debug_info</name>
         <load_address>0x2cd3e</load_address>
         <run_address>0x2cd3e</run_address>
         <size>0x3c49</size>
         <input_file_ref idref="fl-15"/>
      </object_component>
      <object_component id="oc-e9">
         <name>.debug_info</name>
         <load_address>0x30987</load_address>
         <run_address>0x30987</run_address>
         <size>0x79c</size>
         <input_file_ref idref="fl-16"/>
      </object_component>
      <object_component id="oc-f0">
         <name>.debug_info</name>
         <load_address>0x31123</load_address>
         <run_address>0x31123</run_address>
         <size>0x173</size>
         <input_file_ref idref="fl-27"/>
      </object_component>
      <object_component id="oc-f5">
         <name>.debug_info</name>
         <load_address>0x31296</load_address>
         <run_address>0x31296</run_address>
         <size>0x114</size>
         <input_file_ref idref="fl-28"/>
      </object_component>
      <object_component id="oc-fa">
         <name>.debug_info</name>
         <load_address>0x313aa</load_address>
         <run_address>0x313aa</run_address>
         <size>0x1a5</size>
         <input_file_ref idref="fl-29"/>
      </object_component>
      <object_component id="oc-fe">
         <name>.debug_info</name>
         <load_address>0x3154f</load_address>
         <run_address>0x3154f</run_address>
         <size>0x561</size>
         <input_file_ref idref="fl-2a"/>
      </object_component>
      <object_component id="oc-103">
         <name>.debug_info</name>
         <load_address>0x31ab0</load_address>
         <run_address>0x31ab0</run_address>
         <size>0x43a</size>
         <input_file_ref idref="fl-2b"/>
      </object_component>
      <object_component id="oc-108">
         <name>.debug_info</name>
         <load_address>0x31eea</load_address>
         <run_address>0x31eea</run_address>
         <size>0x3ad</size>
         <input_file_ref idref="fl-2c"/>
      </object_component>
      <object_component id="oc-10d">
         <name>.debug_info</name>
         <load_address>0x32297</load_address>
         <run_address>0x32297</run_address>
         <size>0x3aa</size>
         <input_file_ref idref="fl-2d"/>
      </object_component>
      <object_component id="oc-112">
         <name>.debug_info</name>
         <load_address>0x32641</load_address>
         <run_address>0x32641</run_address>
         <size>0x544</size>
         <input_file_ref idref="fl-2e"/>
      </object_component>
      <object_component id="oc-119">
         <name>.debug_info</name>
         <load_address>0x32b85</load_address>
         <run_address>0x32b85</run_address>
         <size>0x4cc</size>
         <input_file_ref idref="fl-2f"/>
      </object_component>
      <object_component id="oc-11e">
         <name>.debug_info</name>
         <load_address>0x33051</load_address>
         <run_address>0x33051</run_address>
         <size>0x467</size>
         <input_file_ref idref="fl-30"/>
      </object_component>
      <object_component id="oc-190">
         <name>.debug_info</name>
         <load_address>0x334b8</load_address>
         <run_address>0x334b8</run_address>
         <size>0xa3</size>
      </object_component>
      <object_component id="oc-50">
         <name>.debug_abbrev</name>
         <load_address>0x0</load_address>
         <run_address>0x0</run_address>
         <size>0x2f</size>
         <input_file_ref idref="fl-2"/>
      </object_component>
      <object_component id="oc-55">
         <name>.debug_abbrev</name>
         <load_address>0x2f</load_address>
         <run_address>0x2f</run_address>
         <size>0x10f</size>
         <input_file_ref idref="fl-3"/>
      </object_component>
      <object_component id="oc-5b">
         <name>.debug_abbrev</name>
         <load_address>0x13e</load_address>
         <run_address>0x13e</run_address>
         <size>0x21</size>
         <input_file_ref idref="fl-4"/>
      </object_component>
      <object_component id="oc-61">
         <name>.debug_abbrev</name>
         <load_address>0x15f</load_address>
         <run_address>0x15f</run_address>
         <size>0xfd</size>
         <input_file_ref idref="fl-5"/>
      </object_component>
      <object_component id="oc-67">
         <name>.debug_abbrev</name>
         <load_address>0x25c</load_address>
         <run_address>0x25c</run_address>
         <size>0xa8</size>
         <input_file_ref idref="fl-6"/>
      </object_component>
      <object_component id="oc-6c">
         <name>.debug_abbrev</name>
         <load_address>0x304</load_address>
         <run_address>0x304</run_address>
         <size>0x138</size>
         <input_file_ref idref="fl-7"/>
      </object_component>
      <object_component id="oc-a1">
         <name>.debug_abbrev</name>
         <load_address>0x43c</load_address>
         <run_address>0x43c</run_address>
         <size>0xb7</size>
         <input_file_ref idref="fl-8"/>
      </object_component>
      <object_component id="oc-a5">
         <name>.debug_abbrev</name>
         <load_address>0x4f3</load_address>
         <run_address>0x4f3</run_address>
         <size>0xdc</size>
         <input_file_ref idref="fl-9"/>
      </object_component>
      <object_component id="oc-aa">
         <name>.debug_abbrev</name>
         <load_address>0x5cf</load_address>
         <run_address>0x5cf</run_address>
         <size>0xc8</size>
         <input_file_ref idref="fl-a"/>
      </object_component>
      <object_component id="oc-af">
         <name>.debug_abbrev</name>
         <load_address>0x697</load_address>
         <run_address>0x697</run_address>
         <size>0x116</size>
         <input_file_ref idref="fl-b"/>
      </object_component>
      <object_component id="oc-b4">
         <name>.debug_abbrev</name>
         <load_address>0x7ad</load_address>
         <run_address>0x7ad</run_address>
         <size>0xea</size>
         <input_file_ref idref="fl-c"/>
      </object_component>
      <object_component id="oc-b9">
         <name>.debug_abbrev</name>
         <load_address>0x897</load_address>
         <run_address>0x897</run_address>
         <size>0x1a2</size>
         <input_file_ref idref="fl-d"/>
      </object_component>
      <object_component id="oc-be">
         <name>.debug_abbrev</name>
         <load_address>0xa39</load_address>
         <run_address>0xa39</run_address>
         <size>0x2f</size>
         <input_file_ref idref="fl-e"/>
      </object_component>
      <object_component id="oc-c3">
         <name>.debug_abbrev</name>
         <load_address>0xa68</load_address>
         <run_address>0xa68</run_address>
         <size>0xc8</size>
         <input_file_ref idref="fl-f"/>
      </object_component>
      <object_component id="oc-c8">
         <name>.debug_abbrev</name>
         <load_address>0xb30</load_address>
         <run_address>0xb30</run_address>
         <size>0x98</size>
         <input_file_ref idref="fl-10"/>
      </object_component>
      <object_component id="oc-cf">
         <name>.debug_abbrev</name>
         <load_address>0xbc8</load_address>
         <run_address>0xbc8</run_address>
         <size>0xda</size>
         <input_file_ref idref="fl-11"/>
      </object_component>
      <object_component id="oc-d5">
         <name>.debug_abbrev</name>
         <load_address>0xca2</load_address>
         <run_address>0xca2</run_address>
         <size>0xe3</size>
         <input_file_ref idref="fl-12"/>
      </object_component>
      <object_component id="oc-da">
         <name>.debug_abbrev</name>
         <load_address>0xd85</load_address>
         <run_address>0xd85</run_address>
         <size>0xdc</size>
         <input_file_ref idref="fl-13"/>
      </object_component>
      <object_component id="oc-e2">
         <name>.debug_abbrev</name>
         <load_address>0xe61</load_address>
         <run_address>0xe61</run_address>
         <size>0x17b</size>
         <input_file_ref idref="fl-14"/>
      </object_component>
      <object_component id="oc-e7">
         <name>.debug_abbrev</name>
         <load_address>0xfdc</load_address>
         <run_address>0xfdc</run_address>
         <size>0xf8</size>
         <input_file_ref idref="fl-15"/>
      </object_component>
      <object_component id="oc-ec">
         <name>.debug_abbrev</name>
         <load_address>0x10d4</load_address>
         <run_address>0x10d4</run_address>
         <size>0xf6</size>
         <input_file_ref idref="fl-16"/>
      </object_component>
      <object_component id="oc-f2">
         <name>.debug_abbrev</name>
         <load_address>0x11ca</load_address>
         <run_address>0x11ca</run_address>
         <size>0x46</size>
         <input_file_ref idref="fl-27"/>
      </object_component>
      <object_component id="oc-f7">
         <name>.debug_abbrev</name>
         <load_address>0x1210</load_address>
         <run_address>0x1210</run_address>
         <size>0x38</size>
         <input_file_ref idref="fl-28"/>
      </object_component>
      <object_component id="oc-fc">
         <name>.debug_abbrev</name>
         <load_address>0x1248</load_address>
         <run_address>0x1248</run_address>
         <size>0x38</size>
         <input_file_ref idref="fl-29"/>
      </object_component>
      <object_component id="oc-101">
         <name>.debug_abbrev</name>
         <load_address>0x1280</load_address>
         <run_address>0x1280</run_address>
         <size>0xe3</size>
         <input_file_ref idref="fl-2a"/>
      </object_component>
      <object_component id="oc-106">
         <name>.debug_abbrev</name>
         <load_address>0x1363</load_address>
         <run_address>0x1363</run_address>
         <size>0xa8</size>
         <input_file_ref idref="fl-2b"/>
      </object_component>
      <object_component id="oc-10b">
         <name>.debug_abbrev</name>
         <load_address>0x140b</load_address>
         <run_address>0x140b</run_address>
         <size>0x68</size>
         <input_file_ref idref="fl-2c"/>
      </object_component>
      <object_component id="oc-110">
         <name>.debug_abbrev</name>
         <load_address>0x1473</load_address>
         <run_address>0x1473</run_address>
         <size>0x66</size>
         <input_file_ref idref="fl-2d"/>
      </object_component>
      <object_component id="oc-117">
         <name>.debug_abbrev</name>
         <load_address>0x14d9</load_address>
         <run_address>0x14d9</run_address>
         <size>0x130</size>
         <input_file_ref idref="fl-2e"/>
      </object_component>
      <object_component id="oc-11c">
         <name>.debug_abbrev</name>
         <load_address>0x1609</load_address>
         <run_address>0x1609</run_address>
         <size>0xb2</size>
         <input_file_ref idref="fl-2f"/>
      </object_component>
      <object_component id="oc-121">
         <name>.debug_abbrev</name>
         <load_address>0x16bb</load_address>
         <run_address>0x16bb</run_address>
         <size>0xee</size>
         <input_file_ref idref="fl-30"/>
      </object_component>
      <object_component id="oc-191">
         <name>.debug_abbrev</name>
         <load_address>0x17a9</load_address>
         <run_address>0x17a9</run_address>
         <size>0xf</size>
      </object_component>
      <object_component id="oc-51">
         <name>.debug_aranges</name>
         <load_address>0x0</load_address>
         <run_address>0x0</run_address>
         <size>0x20</size>
         <input_file_ref idref="fl-2"/>
      </object_component>
      <object_component id="oc-56">
         <name>.debug_aranges</name>
         <load_address>0x20</load_address>
         <run_address>0x20</run_address>
         <size>0x20</size>
         <input_file_ref idref="fl-3"/>
      </object_component>
      <object_component id="oc-5c">
         <name>.debug_aranges</name>
         <load_address>0x40</load_address>
         <run_address>0x40</run_address>
         <size>0x28</size>
         <input_file_ref idref="fl-4"/>
      </object_component>
      <object_component id="oc-62">
         <name>.debug_aranges</name>
         <load_address>0x68</load_address>
         <run_address>0x68</run_address>
         <size>0x28</size>
         <input_file_ref idref="fl-5"/>
      </object_component>
      <object_component id="oc-68">
         <name>.debug_aranges</name>
         <load_address>0x90</load_address>
         <run_address>0x90</run_address>
         <size>0x290</size>
         <input_file_ref idref="fl-6"/>
      </object_component>
      <object_component id="oc-6d">
         <name>.debug_aranges</name>
         <load_address>0x320</load_address>
         <run_address>0x320</run_address>
         <size>0x68</size>
         <input_file_ref idref="fl-7"/>
      </object_component>
      <object_component id="oc-a6">
         <name>.debug_aranges</name>
         <load_address>0x388</load_address>
         <run_address>0x388</run_address>
         <size>0x18</size>
         <input_file_ref idref="fl-9"/>
      </object_component>
      <object_component id="oc-ab">
         <name>.debug_aranges</name>
         <load_address>0x3a0</load_address>
         <run_address>0x3a0</run_address>
         <size>0x28</size>
         <input_file_ref idref="fl-a"/>
      </object_component>
      <object_component id="oc-b0">
         <name>.debug_aranges</name>
         <load_address>0x3c8</load_address>
         <run_address>0x3c8</run_address>
         <size>0x20</size>
         <input_file_ref idref="fl-b"/>
      </object_component>
      <object_component id="oc-b5">
         <name>.debug_aranges</name>
         <load_address>0x3e8</load_address>
         <run_address>0x3e8</run_address>
         <size>0x18</size>
         <input_file_ref idref="fl-c"/>
      </object_component>
      <object_component id="oc-ba">
         <name>.debug_aranges</name>
         <load_address>0x400</load_address>
         <run_address>0x400</run_address>
         <size>0x48</size>
         <input_file_ref idref="fl-d"/>
      </object_component>
      <object_component id="oc-bf">
         <name>.debug_aranges</name>
         <load_address>0x448</load_address>
         <run_address>0x448</run_address>
         <size>0x20</size>
         <input_file_ref idref="fl-e"/>
      </object_component>
      <object_component id="oc-c4">
         <name>.debug_aranges</name>
         <load_address>0x468</load_address>
         <run_address>0x468</run_address>
         <size>0x20</size>
         <input_file_ref idref="fl-f"/>
      </object_component>
      <object_component id="oc-c9">
         <name>.debug_aranges</name>
         <load_address>0x488</load_address>
         <run_address>0x488</run_address>
         <size>0x18</size>
         <input_file_ref idref="fl-10"/>
      </object_component>
      <object_component id="oc-d0">
         <name>.debug_aranges</name>
         <load_address>0x4a0</load_address>
         <run_address>0x4a0</run_address>
         <size>0x30</size>
         <input_file_ref idref="fl-11"/>
      </object_component>
      <object_component id="oc-d6">
         <name>.debug_aranges</name>
         <load_address>0x4d0</load_address>
         <run_address>0x4d0</run_address>
         <size>0x18</size>
         <input_file_ref idref="fl-12"/>
      </object_component>
      <object_component id="oc-db">
         <name>.debug_aranges</name>
         <load_address>0x4e8</load_address>
         <run_address>0x4e8</run_address>
         <size>0x20</size>
         <input_file_ref idref="fl-13"/>
      </object_component>
      <object_component id="oc-e3">
         <name>.debug_aranges</name>
         <load_address>0x508</load_address>
         <run_address>0x508</run_address>
         <size>0x28</size>
         <input_file_ref idref="fl-14"/>
      </object_component>
      <object_component id="oc-e8">
         <name>.debug_aranges</name>
         <load_address>0x530</load_address>
         <run_address>0x530</run_address>
         <size>0x28</size>
         <input_file_ref idref="fl-15"/>
      </object_component>
      <object_component id="oc-ed">
         <name>.debug_aranges</name>
         <load_address>0x558</load_address>
         <run_address>0x558</run_address>
         <size>0x18</size>
         <input_file_ref idref="fl-16"/>
      </object_component>
      <object_component id="oc-f3">
         <name>.debug_aranges</name>
         <load_address>0x570</load_address>
         <run_address>0x570</run_address>
         <size>0x20</size>
         <input_file_ref idref="fl-27"/>
      </object_component>
      <object_component id="oc-f8">
         <name>.debug_aranges</name>
         <load_address>0x590</load_address>
         <run_address>0x590</run_address>
         <size>0x20</size>
         <input_file_ref idref="fl-28"/>
      </object_component>
      <object_component id="oc-fd">
         <name>.debug_aranges</name>
         <load_address>0x5b0</load_address>
         <run_address>0x5b0</run_address>
         <size>0x38</size>
         <input_file_ref idref="fl-29"/>
      </object_component>
      <object_component id="oc-102">
         <name>.debug_aranges</name>
         <load_address>0x5e8</load_address>
         <run_address>0x5e8</run_address>
         <size>0x20</size>
         <input_file_ref idref="fl-2a"/>
      </object_component>
      <object_component id="oc-107">
         <name>.debug_aranges</name>
         <load_address>0x608</load_address>
         <run_address>0x608</run_address>
         <size>0x20</size>
         <input_file_ref idref="fl-2b"/>
      </object_component>
      <object_component id="oc-10c">
         <name>.debug_aranges</name>
         <load_address>0x628</load_address>
         <run_address>0x628</run_address>
         <size>0x20</size>
         <input_file_ref idref="fl-2c"/>
      </object_component>
      <object_component id="oc-111">
         <name>.debug_aranges</name>
         <load_address>0x648</load_address>
         <run_address>0x648</run_address>
         <size>0x20</size>
         <input_file_ref idref="fl-2d"/>
      </object_component>
      <object_component id="oc-118">
         <name>.debug_aranges</name>
         <load_address>0x668</load_address>
         <run_address>0x668</run_address>
         <size>0x28</size>
         <input_file_ref idref="fl-2e"/>
      </object_component>
      <object_component id="oc-11d">
         <name>.debug_aranges</name>
         <load_address>0x690</load_address>
         <run_address>0x690</run_address>
         <size>0x30</size>
         <input_file_ref idref="fl-2f"/>
      </object_component>
      <object_component id="oc-122">
         <name>.debug_aranges</name>
         <load_address>0x6c0</load_address>
         <run_address>0x6c0</run_address>
         <size>0x20</size>
         <input_file_ref idref="fl-30"/>
      </object_component>
      <object_component id="oc-53">
         <name>.debug_frame</name>
         <load_address>0x0</load_address>
         <run_address>0x0</run_address>
         <size>0x40</size>
         <input_file_ref idref="fl-3"/>
      </object_component>
      <object_component id="oc-5f">
         <name>.debug_frame</name>
         <load_address>0x40</load_address>
         <run_address>0x40</run_address>
         <size>0x5c</size>
         <input_file_ref idref="fl-5"/>
      </object_component>
      <object_component id="oc-65">
         <name>.debug_frame</name>
         <load_address>0x9c</load_address>
         <run_address>0x9c</run_address>
         <size>0xa08</size>
         <input_file_ref idref="fl-6"/>
      </object_component>
      <object_component id="oc-6a">
         <name>.debug_frame</name>
         <load_address>0xaa4</load_address>
         <run_address>0xaa4</run_address>
         <size>0x118</size>
         <input_file_ref idref="fl-7"/>
      </object_component>
      <object_component id="oc-a3">
         <name>.debug_frame</name>
         <load_address>0xbbc</load_address>
         <run_address>0xbbc</run_address>
         <size>0x28</size>
         <input_file_ref idref="fl-9"/>
      </object_component>
      <object_component id="oc-a8">
         <name>.debug_frame</name>
         <load_address>0xbe4</load_address>
         <run_address>0xbe4</run_address>
         <size>0x58</size>
         <input_file_ref idref="fl-a"/>
      </object_component>
      <object_component id="oc-ad">
         <name>.debug_frame</name>
         <load_address>0xc3c</load_address>
         <run_address>0xc3c</run_address>
         <size>0x44</size>
         <input_file_ref idref="fl-b"/>
      </object_component>
      <object_component id="oc-b2">
         <name>.debug_frame</name>
         <load_address>0xc80</load_address>
         <run_address>0xc80</run_address>
         <size>0x28</size>
         <input_file_ref idref="fl-c"/>
      </object_component>
      <object_component id="oc-b7">
         <name>.debug_frame</name>
         <load_address>0xca8</load_address>
         <run_address>0xca8</run_address>
         <size>0xc0</size>
         <input_file_ref idref="fl-d"/>
      </object_component>
      <object_component id="oc-c1">
         <name>.debug_frame</name>
         <load_address>0xd68</load_address>
         <run_address>0xd68</run_address>
         <size>0x40</size>
         <input_file_ref idref="fl-f"/>
      </object_component>
      <object_component id="oc-c6">
         <name>.debug_frame</name>
         <load_address>0xda8</load_address>
         <run_address>0xda8</run_address>
         <size>0x28</size>
         <input_file_ref idref="fl-10"/>
      </object_component>
      <object_component id="oc-cd">
         <name>.debug_frame</name>
         <load_address>0xdd0</load_address>
         <run_address>0xdd0</run_address>
         <size>0x7c</size>
         <input_file_ref idref="fl-11"/>
      </object_component>
      <object_component id="oc-d3">
         <name>.debug_frame</name>
         <load_address>0xe4c</load_address>
         <run_address>0xe4c</run_address>
         <size>0x28</size>
         <input_file_ref idref="fl-12"/>
      </object_component>
      <object_component id="oc-d8">
         <name>.debug_frame</name>
         <load_address>0xe74</load_address>
         <run_address>0xe74</run_address>
         <size>0x40</size>
         <input_file_ref idref="fl-13"/>
      </object_component>
      <object_component id="oc-e0">
         <name>.debug_frame</name>
         <load_address>0xeb4</load_address>
         <run_address>0xeb4</run_address>
         <size>0x68</size>
         <input_file_ref idref="fl-14"/>
      </object_component>
      <object_component id="oc-e5">
         <name>.debug_frame</name>
         <load_address>0xf1c</load_address>
         <run_address>0xf1c</run_address>
         <size>0x58</size>
         <input_file_ref idref="fl-15"/>
      </object_component>
      <object_component id="oc-ea">
         <name>.debug_frame</name>
         <load_address>0xf74</load_address>
         <run_address>0xf74</run_address>
         <size>0x28</size>
         <input_file_ref idref="fl-16"/>
      </object_component>
      <object_component id="oc-ff">
         <name>.debug_frame</name>
         <load_address>0xf9c</load_address>
         <run_address>0xf9c</run_address>
         <size>0x60</size>
         <input_file_ref idref="fl-2a"/>
      </object_component>
      <object_component id="oc-104">
         <name>.debug_frame</name>
         <load_address>0xffc</load_address>
         <run_address>0xffc</run_address>
         <size>0x40</size>
         <input_file_ref idref="fl-2b"/>
      </object_component>
      <object_component id="oc-109">
         <name>.debug_frame</name>
         <load_address>0x103c</load_address>
         <run_address>0x103c</run_address>
         <size>0x40</size>
         <input_file_ref idref="fl-2c"/>
      </object_component>
      <object_component id="oc-10e">
         <name>.debug_frame</name>
         <load_address>0x107c</load_address>
         <run_address>0x107c</run_address>
         <size>0x40</size>
         <input_file_ref idref="fl-2d"/>
      </object_component>
      <object_component id="oc-115">
         <name>.debug_frame</name>
         <load_address>0x10bc</load_address>
         <run_address>0x10bc</run_address>
         <size>0x60</size>
         <input_file_ref idref="fl-2e"/>
      </object_component>
      <object_component id="oc-11a">
         <name>.debug_frame</name>
         <load_address>0x111c</load_address>
         <run_address>0x111c</run_address>
         <size>0x70</size>
         <input_file_ref idref="fl-2f"/>
      </object_component>
      <object_component id="oc-11f">
         <name>.debug_frame</name>
         <load_address>0x118c</load_address>
         <run_address>0x118c</run_address>
         <size>0x40</size>
         <input_file_ref idref="fl-30"/>
      </object_component>
   </object_component_list>
   <logical_group_list>
      <logical_group id="lg-2" display="no" color="cyan">
         <name>codestart</name>
         <load_address>0x0</load_address>
         <run_address>0x0</run_address>
         <size>0x2</size>
         <contents>
            <object_component_ref idref="oc-58"/>
         </contents>
      </logical_group>
      <logical_group id="lg-3" display="no" color="cyan">
         <name>ramfuncs</name>
         <load_address>0x8093</load_address>
         <run_address>0x8093</run_address>
         <size>0x4</size>
         <contents>
            <object_component_ref idref="oc-bb"/>
         </contents>
      </logical_group>
      <logical_group id="lg-4" display="no" color="cyan">
         <name>.text</name>
         <load_address>0x9000</load_address>
         <run_address>0x9000</run_address>
         <size>0x9f2</size>
         <contents>
            <object_component_ref idref="oc-64"/>
            <object_component_ref idref="oc-12c"/>
            <object_component_ref idref="oc-129"/>
            <object_component_ref idref="oc-134"/>
            <object_component_ref idref="oc-138"/>
            <object_component_ref idref="oc-f4"/>
            <object_component_ref idref="oc-133"/>
            <object_component_ref idref="oc-12f"/>
            <object_component_ref idref="oc-4c"/>
            <object_component_ref idref="oc-df"/>
            <object_component_ref idref="oc-132"/>
            <object_component_ref idref="oc-f9"/>
            <object_component_ref idref="oc-127"/>
            <object_component_ref idref="oc-12d"/>
            <object_component_ref idref="oc-124"/>
            <object_component_ref idref="oc-12e"/>
            <object_component_ref idref="oc-128"/>
            <object_component_ref idref="oc-130"/>
            <object_component_ref idref="oc-126"/>
            <object_component_ref idref="oc-131"/>
            <object_component_ref idref="oc-135"/>
            <object_component_ref idref="oc-57"/>
            <object_component_ref idref="oc-123"/>
            <object_component_ref idref="oc-125"/>
         </contents>
      </logical_group>
      <logical_group id="lg-5" display="no" color="cyan">
         <name>.InitBoot</name>
         <run_address>0x0</run_address>
         <size>0x0</size>
         <contents>
         </contents>
      </logical_group>
      <logical_group id="lg-6" display="no" color="cyan">
         <name>.cinit</name>
         <load_address>0x8000</load_address>
         <run_address>0x8000</run_address>
         <size>0x93</size>
         <contents>
            <object_component_ref idref="oc-dd"/>
            <object_component_ref idref="oc-cb"/>
            <object_component_ref idref="oc-113"/>
            <object_component_ref idref="oc-12b"/>
            <object_component_ref idref="oc-136"/>
         </contents>
      </logical_group>
      <logical_group id="lg-7" display="no" color="cyan">
         <name>.pinit</name>
         <run_address>0x0</run_address>
         <size>0x0</size>
         <contents>
         </contents>
      </logical_group>
      <logical_group id="lg-8" display="no" color="cyan">
         <name>.switch</name>
         <run_address>0x0</run_address>
         <size>0x0</size>
         <contents>
         </contents>
      </logical_group>
      <logical_group id="lg-9" display="no" color="cyan">
         <name>.stack</name>
         <run_address>0x400</run_address>
         <size>0x300</size>
         <contents>
            <object_component_ref idref="oc-ee"/>
            <object_component_ref idref="oc-18f"/>
         </contents>
      </logical_group>
      <logical_group id="lg-a" display="no" color="cyan">
         <name>.ebss</name>
         <run_address>0xc000</run_address>
         <size>0x5e</size>
         <contents>
            <object_component_ref idref="oc-5e"/>
            <object_component_ref idref="oc-cc"/>
            <object_component_ref idref="oc-d2"/>
            <object_component_ref idref="oc-de"/>
            <object_component_ref idref="oc-114"/>
            <object_component_ref idref="oc-12a"/>
            <object_component_ref idref="oc-139"/>
         </contents>
      </logical_group>
      <logical_group id="lg-b" display="no" color="cyan">
         <name>.econst</name>
         <load_address>0xd000</load_address>
         <run_address>0xd000</run_address>
         <size>0x100</size>
         <contents>
            <object_component_ref idref="oc-137"/>
         </contents>
      </logical_group>
      <logical_group id="lg-c" display="no" color="cyan">
         <name>.esysmem</name>
         <run_address>0x0</run_address>
         <size>0x0</size>
         <contents>
         </contents>
      </logical_group>
      <logical_group id="lg-d" display="no" color="cyan">
         <name>IQmath</name>
         <run_address>0x0</run_address>
         <size>0x0</size>
         <contents>
         </contents>
      </logical_group>
      <logical_group id="lg-e" display="no" color="cyan">
         <name>IQmathTables</name>
         <run_address>0x0</run_address>
         <size>0x0</size>
         <contents>
         </contents>
      </logical_group>
      <logical_group id="lg-f" display="no" color="cyan">
         <name>FPUmathTables</name>
         <run_address>0x0</run_address>
         <size>0x0</size>
         <contents>
         </contents>
      </logical_group>
      <logical_group id="lg-10" display="no" color="cyan">
         <name>DMARAML4</name>
         <run_address>0x0</run_address>
         <size>0x0</size>
         <contents>
         </contents>
      </logical_group>
      <logical_group id="lg-11" display="no" color="cyan">
         <name>DMARAML5</name>
         <run_address>0x0</run_address>
         <size>0x0</size>
         <contents>
         </contents>
      </logical_group>
      <logical_group id="lg-12" display="no" color="cyan">
         <name>DMARAML6</name>
         <run_address>0x0</run_address>
         <size>0x0</size>
         <contents>
         </contents>
      </logical_group>
      <logical_group id="lg-13" display="no" color="cyan">
         <name>DMARAML7</name>
         <run_address>0x0</run_address>
         <size>0x0</size>
         <contents>
         </contents>
      </logical_group>
      <logical_group id="lg-14" display="no" color="cyan">
         <name>ZONE7DATA</name>
         <run_address>0x0</run_address>
         <size>0x0</size>
         <contents>
         </contents>
      </logical_group>
      <logical_group id="lg-15" display="no" color="cyan">
         <name>.reset</name>
         <load_address>0x3fffc0</load_address>
         <run_address>0x3fffc0</run_address>
         <size>0x2</size>
         <contents>
            <object_component_ref idref="oc-ef"/>
         </contents>
      </logical_group>
      <logical_group id="lg-16" display="no" color="cyan">
         <name>csm_rsvd</name>
         <run_address>0x33ff80</run_address>
         <size>0x0</size>
         <contents>
         </contents>
      </logical_group>
      <logical_group id="lg-17" display="no" color="cyan">
         <name>csmpasswds</name>
         <run_address>0x33fff8</run_address>
         <size>0x0</size>
         <contents>
         </contents>
      </logical_group>
      <logical_group id="lg-18" display="no" color="cyan">
         <name>.adc_cal</name>
         <load_address>0x380080</load_address>
         <run_address>0x380080</run_address>
         <size>0x7</size>
         <contents>
            <object_component_ref idref="oc-4d"/>
         </contents>
      </logical_group>
      <logical_group id="lg-19" display="no" color="cyan">
         <name>PieVectTableFile</name>
         <run_address>0xd00</run_address>
         <size>0x100</size>
         <contents>
            <object_component_ref idref="oc-a0"/>
         </contents>
      </logical_group>
      <logical_group id="lg-1a" display="no" color="cyan">
         <name>DevEmuRegsFile</name>
         <run_address>0x880</run_address>
         <size>0xd0</size>
         <contents>
            <object_component_ref idref="oc-9c"/>
         </contents>
      </logical_group>
      <logical_group id="lg-1b" display="no" color="cyan">
         <name>FlashRegsFile</name>
         <run_address>0xa80</run_address>
         <size>0x8</size>
         <contents>
            <object_component_ref idref="oc-74"/>
         </contents>
      </logical_group>
      <logical_group id="lg-1c" display="no" color="cyan">
         <name>CsmRegsFile</name>
         <run_address>0xae0</run_address>
         <size>0x10</size>
         <contents>
            <object_component_ref idref="oc-77"/>
         </contents>
      </logical_group>
      <logical_group id="lg-1d" display="no" color="cyan">
         <name>AdcMirrorFile</name>
         <run_address>0xb00</run_address>
         <size>0x10</size>
         <contents>
            <object_component_ref idref="oc-76"/>
         </contents>
      </logical_group>
      <logical_group id="lg-1e" display="no" color="cyan">
         <name>XintfRegsFile</name>
         <run_address>0xb20</run_address>
         <size>0x1e</size>
         <contents>
            <object_component_ref idref="oc-7f"/>
         </contents>
      </logical_group>
      <logical_group id="lg-1f" display="no" color="cyan">
         <name>CpuTimer0RegsFile</name>
         <run_address>0xc00</run_address>
         <size>0x8</size>
         <contents>
            <object_component_ref idref="oc-70"/>
         </contents>
      </logical_group>
      <logical_group id="lg-20" display="no" color="cyan">
         <name>CpuTimer1RegsFile</name>
         <run_address>0xc08</run_address>
         <size>0x8</size>
         <contents>
            <object_component_ref idref="oc-71"/>
         </contents>
      </logical_group>
      <logical_group id="lg-21" display="no" color="cyan">
         <name>CpuTimer2RegsFile</name>
         <run_address>0xc10</run_address>
         <size>0x8</size>
         <contents>
            <object_component_ref idref="oc-72"/>
         </contents>
      </logical_group>
      <logical_group id="lg-22" display="no" color="cyan">
         <name>PieCtrlRegsFile</name>
         <run_address>0xce0</run_address>
         <size>0x1a</size>
         <contents>
            <object_component_ref idref="oc-7d"/>
         </contents>
      </logical_group>
      <logical_group id="lg-23" display="no" color="cyan">
         <name>DmaRegsFile</name>
         <run_address>0x1000</run_address>
         <size>0xe0</size>
         <contents>
            <object_component_ref idref="oc-9d"/>
         </contents>
      </logical_group>
      <logical_group id="lg-24" display="no" color="cyan">
         <name>McbspaRegsFile</name>
         <run_address>0x5000</run_address>
         <size>0x25</size>
         <contents>
            <object_component_ref idref="oc-8f"/>
         </contents>
      </logical_group>
      <logical_group id="lg-25" display="no" color="cyan">
         <name>McbspbRegsFile</name>
         <run_address>0x5040</run_address>
         <size>0x25</size>
         <contents>
            <object_component_ref idref="oc-90"/>
         </contents>
      </logical_group>
      <logical_group id="lg-26" display="no" color="cyan">
         <name>ECanaRegsFile</name>
         <run_address>0x6000</run_address>
         <size>0x34</size>
         <contents>
            <object_component_ref idref="oc-92"/>
         </contents>
      </logical_group>
      <logical_group id="lg-27" display="no" color="cyan">
         <name>ECanaLAMRegsFile</name>
         <run_address>0x6040</run_address>
         <size>0x40</size>
         <contents>
            <object_component_ref idref="oc-94"/>
         </contents>
      </logical_group>
      <logical_group id="lg-28" display="no" color="cyan">
         <name>ECanaMboxesFile</name>
         <run_address>0x6100</run_address>
         <size>0x100</size>
         <contents>
            <object_component_ref idref="oc-9e"/>
         </contents>
      </logical_group>
      <logical_group id="lg-29" display="no" color="cyan">
         <name>ECanaMOTSRegsFile</name>
         <run_address>0x6080</run_address>
         <size>0x40</size>
         <contents>
            <object_component_ref idref="oc-95"/>
         </contents>
      </logical_group>
      <logical_group id="lg-2a" display="no" color="cyan">
         <name>ECanaMOTORegsFile</name>
         <run_address>0x60c0</run_address>
         <size>0x40</size>
         <contents>
[...]
      </symbol>
      <symbol id="sm-1c3">
         <name>_EQEP1_INT_ISR</name>
         <value>0x91b8</value>
         <object_component_ref idref="oc-64"/>
      </symbol>
      <symbol id="sm-1c5">
         <name>_MRINTB_ISR</name>
         <value>0x91e0</value>
         <object_component_ref idref="oc-64"/>
      </symbol>
      <symbol id="sm-1c7">
         <name>_DINTCH1_ISR</name>
         <value>0x9208</value>
         <object_component_ref idref="oc-64"/>
      </symbol>
      <symbol id="sm-1c9">
         <name>_USER8_ISR</name>
         <value>0x908c</value>
         <object_component_ref idref="oc-64"/>
      </symbol>
      <symbol id="sm-1cb">
         <name>_EPWM1_INT_ISR</name>
         <value>0x9140</value>
         <object_component_ref idref="oc-64"/>
      </symbol>
      <symbol id="sm-1cd">
         <name>_SEQ2INT_ISR</name>
         <value>0x90c8</value>
         <object_component_ref idref="oc-64"/>
      </symbol>
      <symbol id="sm-1cf">
         <name>_USER2_ISR</name>
         <value>0x9050</value>
         <object_component_ref idref="oc-64"/>
      </symbol>
      <symbol id="sm-1d1">
         <name>_LUF_ISR</name>
         <value>0x92f8</value>
         <object_component_ref idref="oc-64"/>
      </symbol>
      <symbol id="sm-1d3">
         <name>_LVF_ISR</name>
         <value>0x92ee</value>
         <object_component_ref idref="oc-64"/>
      </symbol>
      <symbol id="sm-1d5">
         <name>_SCITXINTA_ISR</name>
         <value>0x9276</value>
         <object_component_ref idref="oc-64"/>
      </symbol>
      <symbol id="sm-1d7">
         <name>_SCIRXINTA_ISR</name>
         <value>0x926c</value>
         <object_component_ref idref="oc-64"/>
      </symbol>
      <symbol id="sm-1d9">
         <name>_rsvd_ISR</name>
         <value>0x930c</value>
         <object_component_ref idref="oc-64"/>
      </symbol>
      <symbol id="sm-1db">
         <name>_ECAP5_INT_ISR</name>
         <value>0x91a4</value>
         <object_component_ref idref="oc-64"/>
      </symbol>
      <symbol id="sm-1dd">
         <name>_DINTCH2_ISR</name>
         <value>0x9212</value>
         <object_component_ref idref="oc-64"/>
      </symbol>
      <symbol id="sm-1df">
         <name>_XINT5_ISR</name>
         <value>0x92d0</value>
         <object_component_ref idref="oc-64"/>
      </symbol>
      <symbol id="sm-1ec">
         <name>_InitEPwm3Gpio</name>
         <value>0x95fa</value>
         <object_component_ref idref="oc-138"/>
      </symbol>
      <symbol id="sm-1ee">
         <name>_InitTzGpio</name>
         <value>0x965a</value>
         <object_component_ref idref="oc-138"/>
      </symbol>
      <symbol id="sm-1f0">
         <name>_InitEPwm2Gpio</name>
         <value>0x95e8</value>
         <object_component_ref idref="oc-138"/>
      </symbol>
      <symbol id="sm-1f2">
         <name>_InitEPwm1Gpio</name>
         <value>0x95d6</value>
         <object_component_ref idref="oc-138"/>
      </symbol>
      <symbol id="sm-1f4">
         <name>_InitEPwm6Gpio</name>
         <value>0x9634</value>
         <object_component_ref idref="oc-138"/>
      </symbol>
      <symbol id="sm-1f6">
         <name>_InitEPwmGpio</name>
         <value>0x95c9</value>
         <object_component_ref idref="oc-138"/>
      </symbol>
      <symbol id="sm-1f8">
         <name>_InitEPwm5Gpio</name>
         <value>0x9622</value>
         <object_component_ref idref="oc-138"/>
      </symbol>
      <symbol id="sm-1fa">
         <name>_InitEPwm4Gpio</name>
         <value>0x960e</value>
         <object_component_ref idref="oc-138"/>
      </symbol>
      <symbol id="sm-1fc">
         <name>_InitEPwmSyncGpio</name>
         <value>0x9646</value>
         <object_component_ref idref="oc-138"/>
      </symbol>
      <symbol id="sm-1fe">
         <name>_InitEPwm</name>
         <value>0x95c8</value>
         <object_component_ref idref="oc-138"/>
      </symbol>
      <symbol id="sm-269">
         <name>_GpioCtrlRegs</name>
         <value>0x6f80</value>
         <object_component_ref idref="oc-91"/>
      </symbol>
      <symbol id="sm-26a">
         <name>_PieVectTable</name>
         <value>0xd00</value>
         <object_component_ref idref="oc-a0"/>
      </symbol>
      <symbol id="sm-26b">
         <name>_ECap4Regs</name>
         <value>0x6a60</value>
         <object_component_ref idref="oc-83"/>
      </symbol>
      <symbol id="sm-26c">
         <name>_CsmRegs</name>
         <value>0xae0</value>
         <object_component_ref idref="oc-77"/>
      </symbol>
      <symbol id="sm-26d">
         <name>_ECanaLAMRegs</name>
         <value>0x6040</value>
         <object_component_ref idref="oc-94"/>
      </symbol>
      <symbol id="sm-26e">
         <name>_ECanbMOTORegs</name>
         <value>0x62c0</value>
         <object_component_ref idref="oc-99"/>
      </symbol>
      <symbol id="sm-26f">
         <name>_EPwm4Regs</name>
         <value>0x68c0</value>
         <object_component_ref idref="oc-8b"/>
      </symbol>
      <symbol id="sm-270">
         <name>_ECap5Regs</name>
         <value>0x6a80</value>
         <object_component_ref idref="oc-84"/>
      </symbol>
      <symbol id="sm-271">
         <name>_CpuTimer1Regs</name>
         <value>0xc08</value>
         <object_component_ref idref="oc-71"/>
      </symbol>
      <symbol id="sm-272">
         <name>_SysCtrlRegs</name>
         <value>0x7010</value>
         <object_component_ref idref="oc-87"/>
      </symbol>
      <symbol id="sm-273">
         <name>_EPwm5Regs</name>
         <value>0x6900</value>
         <object_component_ref idref="oc-8c"/>
      </symbol>
      <symbol id="sm-274">
         <name>_SpiaRegs</name>
         <value>0x7040</value>
         <object_component_ref idref="oc-7b"/>
      </symbol>
      <symbol id="sm-275">
         <name>_ECanaMOTSRegs</name>
         <value>0x6080</value>
         <object_component_ref idref="oc-95"/>
      </symbol>
      <symbol id="sm-276">
         <name>_ECap6Regs</name>
         <value>0x6aa0</value>
         <object_component_ref idref="oc-85"/>
      </symbol>
      <symbol id="sm-277">
         <name>_DmaRegs</name>
         <value>0x1000</value>
         <object_component_ref idref="oc-9d"/>
      </symbol>
      <symbol id="sm-278">
         <name>_FlashRegs</name>
         <value>0xa80</value>
         <object_component_ref idref="oc-74"/>
      </symbol>
      <symbol id="sm-279">
         <name>_CpuTimer0Regs</name>
         <value>0xc00</value>
         <object_component_ref idref="oc-70"/>
      </symbol>
      <symbol id="sm-27a">
         <name>_DevEmuRegs</name>
         <value>0x880</value>
         <object_component_ref idref="oc-9c"/>
      </symbol>
      <symbol id="sm-27b">
         <name>_McbspbRegs</name>
         <value>0x5040</value>
         <object_component_ref idref="oc-90"/>
      </symbol>
      <symbol id="sm-27c">
         <name>_EPwm6Regs</name>
         <value>0x6940</value>
         <object_component_ref idref="oc-8d"/>
      </symbol>
      <symbol id="sm-27d">
         <name>_SciaRegs</name>
         <value>0x7050</value>
         <object_component_ref idref="oc-78"/>
      </symbol>
      <symbol id="sm-27e">
         <name>_GpioDataRegs</name>
         <value>0x6fc0</value>
         <object_component_ref idref="oc-86"/>
      </symbol>
      <symbol id="sm-27f">
         <name>_CsmPwl</name>
         <value>0x33fff8</value>
         <object_component_ref idref="oc-73"/>
      </symbol>
      <symbol id="sm-280">
         <name>_AdcRegs</name>
         <value>0x7100</value>
         <object_component_ref idref="oc-7e"/>
      </symbol>
      <symbol id="sm-281">
         <name>_XIntruptRegs</name>
         <value>0x7070</value>
         <object_component_ref idref="oc-7c"/>
      </symbol>
      <symbol id="sm-282">
         <name>_CpuTimer2Regs</name>
         <value>0xc10</value>
         <object_component_ref idref="oc-72"/>
      </symbol>
      <symbol id="sm-283">
         <name>_PieCtrlRegs</name>
         <value>0xce0</value>
         <object_component_ref idref="oc-7d"/>
      </symbol>
      <symbol id="sm-284">
         <name>_ECanbMOTSRegs</name>
         <value>0x6280</value>
         <object_component_ref idref="oc-98"/>
      </symbol>
      <symbol id="sm-285">
         <name>_ECanaRegs</name>
         <value>0x6000</value>
         <object_component_ref idref="oc-92"/>
      </symbol>
      <symbol id="sm-286">
         <name>_AdcMirror</name>
         <value>0xb00</value>
         <object_component_ref idref="oc-76"/>
      </symbol>
      <symbol id="sm-287">
         <name>_ECanbMboxes</name>
         <value>0x6300</value>
         <object_component_ref idref="oc-9f"/>
      </symbol>
      <symbol id="sm-288">
         <name>_XintfRegs</name>
         <value>0xb20</value>
         <object_component_ref idref="oc-7f"/>
      </symbol>
      <symbol id="sm-289">
         <name>_ScicRegs</name>
         <value>0x7770</value>
         <object_component_ref idref="oc-7a"/>
      </symbol>
      <symbol id="sm-28a">
         <name>_ECap1Regs</name>
         <value>0x6a00</value>
         <object_component_ref idref="oc-80"/>
      </symbol>
      <symbol id="sm-28b">
         <name>_EQep1Regs</name>
         <value>0x6b00</value>
         <object_component_ref idref="oc-9a"/>
      </symbol>
      <symbol id="sm-28c">
         <name>_McbspaRegs</name>
         <value>0x5000</value>
         <object_component_ref idref="oc-8f"/>
      </symbol>
      <symbol id="sm-28d">
         <name>_EPwm1Regs</name>
         <value>0x6800</value>
         <object_component_ref idref="oc-88"/>
      </symbol>
      <symbol id="sm-28e">
         <name>_ECanbRegs</name>
         <value>0x6200</value>
         <object_component_ref idref="oc-93"/>
      </symbol>
      <symbol id="sm-28f">
         <name>_ScibRegs</name>
         <value>0x7750</value>
         <object_component_ref idref="oc-79"/>
      </symbol>
      <symbol id="sm-290">
         <name>_ECap2Regs</name>
         <value>0x6a20</value>
         <object_component_ref idref="oc-81"/>
      </symbol>
      <symbol id="sm-291">
         <name>_GpioIntRegs</name>
         <value>0x6fe0</value>
         <object_component_ref idref="oc-75"/>
      </symbol>
      <symbol id="sm-292">
         <name>_EQep2Regs</name>
         <value>0x6b40</value>
         <object_component_ref idref="oc-9b"/>
      </symbol>
      <symbol id="sm-293">
         <name>_PartIdRegs</name>
         <value>0x380090</value>
         <object_component_ref idref="oc-6f"/>
      </symbol>
      <symbol id="sm-294">
         <name>_EPwm2Regs</name>
         <value>0x6840</value>
         <object_component_ref idref="oc-89"/>
      </symbol>
      <symbol id="sm-295">
         <name>_ECanaMboxes</name>
         <value>0x6100</value>
         <object_component_ref idref="oc-9e"/>
      </symbol>
      <symbol id="sm-296">
         <name>_ECap3Regs</name>
         <value>0x6a40</value>
         <object_component_ref idref="oc-82"/>
      </symbol>
      <symbol id="sm-297">
         <name>_ECanaMOTORegs</name>
         <value>0x60c0</value>
         <object_component_ref idref="oc-96"/>
      </symbol>
      <symbol id="sm-298">
         <name>_EPwm3Regs</name>
         <value>0x6880</value>
         <object_component_ref idref="oc-8a"/>
      </symbol>
      <symbol id="sm-299">
         <name>_ECanbLAMRegs</name>
         <value>0x6240</value>
         <object_component_ref idref="oc-97"/>
      </symbol>
      <symbol id="sm-29a">
         <name>_I2caRegs</name>
         <value>0x7900</value>
         <object_component_ref idref="oc-8e"/>
      </symbol>
      <symbol id="sm-2af">
         <name>_InitPieCtrl</name>
         <value>0x9923</value>
         <object_component_ref idref="oc-12d"/>
      </symbol>
      <symbol id="sm-2b1">
         <name>_EnableInterrupts</name>
         <value>0x9942</value>
         <object_component_ref idref="oc-12d"/>
      </symbol>
      <symbol id="sm-2c2">
         <name>_PieVectTableInit</name>
         <value>0xd000</value>
         <object_component_ref idref="oc-137"/>
      </symbol>
      <symbol id="sm-2c3">
         <name>_InitPieVectTable</name>
         <value>0x996f</value>
         <object_component_ref idref="oc-12e"/>
      </symbol>
      <symbol id="sm-2e2">
         <name>_InitPll</name>
         <value>0x9331</value>
         <object_component_ref idref="oc-12c"/>
      </symbol>
      <symbol id="sm-2e4">
         <name>_DisableDog</name>
         <value>0x9329</value>
         <object_component_ref idref="oc-12c"/>
      </symbol>
      <symbol id="sm-2e6">
         <name>_InitPeripheralClocks</name>
         <value>0x9382</value>
         <object_component_ref idref="oc-12c"/>
      </symbol>
      <symbol id="sm-2e8">
         <name>_CsmUnlock</name>
         <value>0x93dd</value>
         <object_component_ref idref="oc-12c"/>
      </symbol>
      <symbol id="sm-2ea">
         <name>_ServiceDog</name>
         <value>0x931f</value>
         <object_component_ref idref="oc-12c"/>
      </symbol>
      <symbol id="sm-2ec">
         <name>_InitSysCtrl</name>
         <value>0x9316</value>
         <object_component_ref idref="oc-12c"/>
      </symbol>
      <symbol id="sm-2f9">
         <name>_DSP28x_usDelay</name>
         <value>0x8093</value>
         <object_component_ref idref="oc-bb"/>
      </symbol>
      <symbol id="sm-305">
         <name>_Setup_ADC</name>
         <value>0x98a4</value>
         <object_component_ref idref="oc-132"/>
      </symbol>
      <symbol id="sm-32b">
         <name>_init_struct</name>
         <value>0x94ef</value>
         <object_component_ref idref="oc-134"/>
      </symbol>
      <symbol id="sm-32d">
         <name>_pi_alg</name>
         <value>0x9573</value>
         <object_component_ref idref="oc-134"/>
      </symbol>
      <symbol id="sm-32f">
         <name>_INC</name>
         <value>0xc04c</value>
         <object_component_ref idref="oc-cc"/>
      </symbol>
      <symbol id="sm-330">
         <name>_ki_h</name>
         <value>0xc04a</value>
         <object_component_ref idref="oc-cc"/>
      </symbol>
      <symbol id="sm-331">
         <name>_count_menos2</name>
         <value>0xc041</value>
         <object_component_ref idref="oc-cc"/>
      </symbol>
      <symbol id="sm-332">
         <name>_count_menos1</name>
         <value>0xc040</value>
         <object_component_ref idref="oc-cc"/>
      </symbol>
      <symbol id="sm-333">
         <name>_kp_h</name>
         <value>0xc048</value>
         <object_component_ref idref="oc-cc"/>
      </symbol>
      <symbol id="sm-334">
         <name>_mppt_alg</name>
         <value>0x9505</value>
         <object_component_ref idref="oc-134"/>
      </symbol>
      <symbol id="sm-336">
         <name>_count_mais2</name>
         <value>0xc043</value>
         <object_component_ref idref="oc-cc"/>
      </symbol>
      <symbol id="sm-337">
         <name>_count_mais1</name>
         <value>0xc042</value>
         <object_component_ref idref="oc-cc"/>
      </symbol>
      <symbol id="sm-351">
         <name>_Setup_GPIO</name>
         <value>0x99d2</value>
         <object_component_ref idref="oc-131"/>
      </symbol>
      <symbol id="sm-377">
         <name>_main</name>
         <value>0x940e</value>
         <object_component_ref idref="oc-129"/>
      </symbol>
      <symbol id="sm-379">
         <name>_adc_isr</name>
         <value>0x9860</value>
         <object_component_ref idref="oc-df"/>
      </symbol>
      <symbol id="sm-37b">
         <name>_vpv_debug</name>
         <value>0xc001</value>
         <object_component_ref idref="oc-de"/>
      </symbol>
      <symbol id="sm-37c">
         <name>_ipv1_debug</name>
         <value>0xc002</value>
         <object_component_ref idref="oc-de"/>
      </symbol>
      <symbol id="sm-37d">
         <name>_ipv2_debug</name>
         <value>0xc003</value>
         <object_component_ref idref="oc-de"/>
      </symbol>
      <symbol id="sm-389">
         <name>_GPIO_PWM</name>
         <value>0x9718</value>
         <object_component_ref idref="oc-133"/>
      </symbol>
      <symbol id="sm-38b">
         <name>_Setup_PWM</name>
         <value>0x9730</value>
         <object_component_ref idref="oc-133"/>
      </symbol>
      <symbol id="sm-3b0">
         <name>_c_int00</name>
         <value>0x980a</value>
         <object_component_ref idref="oc-4c"/>
      </symbol>
      <symbol id="sm-3b1">
         <name>__stack</name>
         <value>0x400</value>
         <object_component_ref idref="oc-ee"/>
      </symbol>
      <symbol id="sm-3c2">
         <name>FS$$DIV</name>
         <value>0x9690</value>
         <object_component_ref idref="oc-f4"/>
      </symbol>
      <symbol id="sm-3ce">
         <name>UL$$MOD</name>
         <value>0x98f4</value>
         <object_component_ref idref="oc-f9"/>
      </symbol>
      <symbol id="sm-3cf">
         <name>L$$MOD</name>
         <value>0x98df</value>
         <object_component_ref idref="oc-f9"/>
      </symbol>
      <symbol id="sm-3d0">
         <name>L$$DIV</name>
         <value>0x98d0</value>
         <object_component_ref idref="oc-f9"/>
      </symbol>
      <symbol id="sm-3d1">
         <name>UL$$DIV</name>
         <value>0x98ed</value>
         <object_component_ref idref="oc-f9"/>
      </symbol>
      <symbol id="sm-3e0">
         <name>_copy_in</name>
         <value>0x994b</value>
         <object_component_ref idref="oc-124"/>
      </symbol>
      <symbol id="sm-3f2">
         <name>_memcpy</name>
         <value>0x998f</value>
         <object_component_ref idref="oc-128"/>
      </symbol>
      <symbol id="sm-3ff">
         <name>__system_pre_init</name>
         <value>0x99ef</value>
         <object_component_ref idref="oc-123"/>
      </symbol>
      <symbol id="sm-40d">
         <name>__system_post_cinit</name>
         <value>0x99f1</value>
         <object_component_ref idref="oc-125"/>
      </symbol>
      <symbol id="sm-422">
         <name>C$$EXIT</name>
         <value>0x98fa</value>
         <object_component_ref idref="oc-127"/>
      </symbol>
      <symbol id="sm-423">
         <name>_exit</name>
         <value>0x98fc</value>
         <object_component_ref idref="oc-127"/>
      </symbol>
      <symbol id="sm-425">
         <name>___TI_cleanup_ptr</name>
         <value>0xc054</value>
         <object_component_ref idref="oc-114"/>
      </symbol>
      <symbol id="sm-426">
         <name>___TI_enable_exit_profile_output</name>
         <value>0xc052</value>
         <object_component_ref idref="oc-114"/>
      </symbol>
      <symbol id="sm-427">
         <name>_abort</name>
         <value>0x98fa</value>
         <object_component_ref idref="oc-127"/>
      </symbol>
      <symbol id="sm-429">
         <name>___TI_dtors_ptr</name>
         <value>0xc056</value>
         <object_component_ref idref="oc-114"/>
      </symbol>
      <symbol id="sm-43d">
         <name>__unlock</name>
         <value>0xc05a</value>
         <object_component_ref idref="oc-139"/>
      </symbol>
      <symbol id="sm-43e">
         <name>__lock</name>
         <value>0xc058</value>
         <object_component_ref idref="oc-12a"/>
      </symbol>
      <symbol id="sm-43f">
         <name>__register_lock</name>
         <value>0x99e2</value>
         <object_component_ref idref="oc-135"/>
      </symbol>
      <symbol id="sm-441">
         <name>__nop</name>
         <value>0x99e6</value>
         <object_component_ref idref="oc-135"/>
      </symbol>
      <symbol id="sm-443">
         <name>__register_unlock</name>
         <value>0x99de</value>
         <object_component_ref idref="oc-135"/>
      </symbol>
      <symbol id="sm-453">
         <name>__args_main</name>
         <value>0x99c0</value>
         <object_component_ref idref="oc-126"/>
      </symbol>
   </symbol_table>
   <title>Link successful</title>
</link_info>
